exports[`<ChatRoom/> @renders in default state 1`] = `""`;

exports[`<ChatRoom/> @renders when messages are defined 1`] = `
<div>
  <Connect(ChatMessage)
    key="123"
    message={
      Object {
        "id": 123,
      }
    } />
  <Connect(ChatMessage)
    key="32425"
    message={
      Object {
        "id": 32425,
      }
    } />
  <Connect(ChatMessage)
    key="923"
    message={
      Object {
        "id": 923,
      }
    } />
</div>
`;
